// Jest Snapshot v1, https://goo.gl/fbAQLP

exports[`expect to render BooksList component 1`] = `<Spinner />`;
